// Jest Snapshot v1, https://goo.gl/fbAQLP

exports[`ManageModules component should render a form to manage the landing page modules 1`] = `
<div
  className="admin-box"
>
  <SectionTitle
    annotation="* Fields are required."
    title="Manage the modules"
  />
  <div
    className="admin-content form-container"
    style={
      Object {
        "maxWidth": "700px",
      }
    }
  >
    <p
      className="admin-paragraph"
    >
      <Translate
        value="administration.landingPage.manageModules.helper"
      />
    </p>
    <div
      className="two-columns-admin"
    >
      <div
        className="column-left"
      >
        <Apollo(Component)
          lang={undefined}
          modulesByIdentifier={
            Immutable.Map {
              HEADER: Immutable.Map {
                enabled: true,
                moduleType: Immutable.Map {
                  editableOrder: false,
                  identifier: "HEADER",
                  required: true,
                  title: "Header",
                },
                order: 1,
              },
              INTRODUCTION: Immutable.Map {
                enabled: false,
                moduleType: Immutable.Map {
                  editableOrder: true,
                  identifier: "INTRODUCTION",
                  title: "Introduction",
                },
                order: 2,
              },
              VIDEO: Immutable.Map {
                enabled: true,
                moduleType: Immutable.Map {
                  editableOrder: true,
                  identifier: "VIDEO",
                  title: "Video",
                },
                order: 5,
              },
              FOOTER: Immutable.Map {
                enabled: true,
                moduleType: Immutable.Map {
                  editableOrder: false,
                  identifier: "FOOTER",
                  required: true,
                  title: "Footer",
                },
                order: 99,
              },
            }
          }
          toggleModule={[Function]}
        />
      </div>
      <div
        className="column-right"
      >
        <ModulesPreview
          modules={
            Immutable.List [
              Immutable.Map {
                enabled: true,
                moduleType: Immutable.Map {
                  editableOrder: false,
                  identifier: "HEADER",
                  required: true,
                  title: "Header",
                },
                order: 1,
              },
              Immutable.Map {
                enabled: true,
                moduleType: Immutable.Map {
                  editableOrder: true,
                  identifier: "VIDEO",
                  title: "Video",
                },
                order: 5,
              },
              Immutable.Map {
                enabled: true,
                moduleType: Immutable.Map {
                  editableOrder: false,
                  identifier: "FOOTER",
                  required: true,
                  title: "Footer",
                },
                order: 99,
              },
            ]
          }
          moveModuleDown={[Function]}
          moveModuleUp={[Function]}
        />
      </div>
    </div>
  </div>
</div>
`;
