// Jest Snapshot v1, https://goo.gl/fbAQLP

exports[`DebateLink component should match the DebateLink 1`] = `
<div
  className="debate-link"
  onMouseLeave={[Function]}
  onMouseOver={[Function]}
>
  <Link
    activeClassName="debate-class-active"
    className="debate-link-title debate-class"
    data-text="Debate"
    onlyActiveOnIndex={false}
    style={Object {}}
    to="https://foo.bar"
  >
    <span
      className={undefined}
    >
      <span>
        Debate
      </span>
    </span>
  </Link>
  <div
    className="header-container"
  >
    <section
      className="timeline-section"
      id="timeline"
    >
      <div
        className="max-container"
      >
        <Connect(DumbTimeline)
          identifier="survey"
          onMenuClosed={undefined}
          onMenuItemClick={[Function]}
          onMenuShown={undefined}
          showNavigation={true}
          vertical={undefined}
        />
      </div>
    </section>
  </div>
</div>
`;
